// Vitest Snapshot v1, https://vitest.dev/guide/snapshot.html

exports[`Invoice Schema V1 Encoding > Snapshot Tests - Backward Compatibility Protection > should encode full invoice to stable compressed format > full-invoice-v1-encoded 1`] = `"VgESAQIAAQICAAEDFKvN76vN76vN76vN76vN76vN76vNBARlkgCABgSAvaMBCAEGChQSNFZ4kBI0VniQEjRWeJASNFZ4kAwCAAEOTAMURnJvbnRlbmQgRGV2ZWxvcG1lbnQAKA8HF0JhY2tlbmQgQVBJIERldmVsb3BtZW50ADyvAQYQQ29kZSBSZXZpZXcgJiBRQQAKfQYQFEFjbWUgRGV2ZWxvcG1lbnQgTExDEhJDbGllbnQgQ29ycG9yYXRpb24TBDguNSUUEAABAgMEBQYHCAkKCwwNDg8VAjUlFgxJTlYtMjAyNC0wMDEYAg8JHyBYlo2-6mEMAwsDdsCxoltC6-XavL6H8Hir_6nLDANt7P2JARu0ALCMlO4K1xGSzA5uM2EWiojMGpRINH3kNeSkkwP2rwUtCgK5UWBpJmlcKLjBIYaB9NsDzuvyZCidqaz_16kNFAWjBvmev70b53fNl_XjlKTKAABZVTdZCyASAqzccjGq_JRc9CZpqxJIqk3vpJJTmINglEHQNprTAmg6mP238j99puYha6sA"`;

exports[`Invoice Schema V1 Encoding > Snapshot Tests - Backward Compatibility Protection > should encode minimal invoice to stable compressed format > minimal-invoice-v1-encoded 1`] = `"VgENAgIABAQEZZIAgAYEgL2jAQgBEgoUEREREREREREREREREREREREREREMAgAGDhABCkNvbnN1bHRpbmcAAQESEApGcmVlbGFuY2VyEgZDbGllbnQUEAABAgMEBQYHCAkKCwwNDg8WC0lOVi1NSU4tMDAxGAIFFB8gmMjxZc6hVjrGxHnSxyoyUHcinfSchE7d5w7H_bDZwoY"`;

exports[`Invoice Schema V1 Encoding > Snapshot Tests - Backward Compatibility Protection > should preserve exact JSON structure in encoding > full-invoice-v1-structure 1`] = `
{
  "client": {
    "email": "accounts@client.com",
    "name": "Client Corporation",
    "phone": "+1-555-987-6543",
    "physicalAddress": "456 Business Ave
New York, NY 10001",
    "walletAddress": "0xabcdefabcdefabcdefabcdefabcdefabcdefabcd",
  },
  "currency": "USDC",
  "decimals": 6,
  "discount": "5%",
  "dueAt": 1706745600,
  "from": {
    "email": "billing@acme.dev",
    "name": "Acme Development LLC",
    "phone": "+1-555-123-4567",
    "physicalAddress": "123 Tech Street
San Francisco, CA 94105",
    "walletAddress": "0x1234567890123456789012345678901234567890",
  },
  "invoiceId": "INV-2024-001",
  "issuedAt": 1704067200,
  "items": [
    {
      "description": "Frontend Development",
      "quantity": 40,
      "rate": "150000000",
    },
    {
      "description": "Backend API Development",
      "quantity": 60,
      "rate": "175000000",
    },
    {
      "description": "Code Review & QA",
      "quantity": 10,
      "rate": "125000000",
    },
  ],
  "magicDust": "968",
  "networkId": 1,
  "notes": "Payment for web development services",
  "tax": "8.5%",
  "tokenAddress": "0xa0b86991c6218b36c1d19d4a2e9eb0ce3606eb48",
  "total": "15000000968",
}
`;
