// Vitest Snapshot v1, https://vitest.dev/guide/snapshot.html

exports[`WhyVoidPay > T023-test: Snapshot > should match snapshot 1`] = `
<div>
  <section
    aria-labelledby="why-voidpay-heading"
    class="px-4 py-16"
  >
    <div
      class="mx-auto max-w-6xl"
    >
      <h2
        class="text-zinc-100 text-2xl font-bold tracking-tight mb-12 text-center"
        id="why-voidpay-heading"
      >
        Why VoidPay?
      </h2>
      <div
        class="grid grid-cols-1 gap-6 sm:grid-cols-2 lg:grid-cols-3"
      >
        <div
          class="rounded-xl border text-zinc-100 shadow-sm backdrop-blur-xl bg-zinc-950/30 border-zinc-800"
        >
          <div
            class="flex flex-col space-y-1.5 p-6"
          >
            <svg
              aria-hidden="true"
              class="mb-2 h-8 w-8 text-violet-400"
              fill="none"
              stroke="currentColor"
              stroke-width="2"
              viewBox="0 0 24 24"
            >
              <path
                d="M17.94 17.94A10.07 10.07 0 0 1 12 20c-7 0-11-8-11-8a18.45 18.45 0 0 1 5.06-5.94M9.9 4.24A9.12 9.12 0 0 1 12 4c7 0 11 8 11 8a18.5 18.5 0 0 1-2.16 3.19m-6.72-1.07a3 3 0 1 1-4.24-4.24"
              />
              <line
                x1="1"
                x2="23"
                y1="1"
                y2="23"
              />
            </svg>
            <div
              class="font-semibold tracking-tight text-lg"
            >
              Privacy First
            </div>
          </div>
          <div
            class="p-6 pt-0"
          >
            <p
              class="text-sm text-zinc-400"
            >
              No tracking, no analytics. Your invoice data lives in URLs, not our servers.
            </p>
          </div>
        </div>
        <div
          class="rounded-xl border text-zinc-100 shadow-sm backdrop-blur-xl bg-zinc-950/30 border-zinc-800"
        >
          <div
            class="flex flex-col space-y-1.5 p-6"
          >
            <svg
              aria-hidden="true"
              class="mb-2 h-8 w-8 text-violet-400"
              fill="none"
              stroke="currentColor"
              stroke-width="2"
              viewBox="0 0 24 24"
            >
              <path
                d="M7 2h10a2 2 0 0 1 2 2v3a2 2 0 0 1-2 2H7a2 2 0 0 1-2-2V4a2 2 0 0 1 2-2z"
              />
              <path
                d="M7 15h10a2 2 0 0 1 2 2v3a2 2 0 0 1-2 2H7a2 2 0 0 1-2-2v-3a2 2 0 0 1 2-2z"
              />
              <line
                x1="1"
                x2="23"
                y1="1"
                y2="23"
              />
            </svg>
            <div
              class="font-semibold tracking-tight text-lg"
            >
              Zero Backend
            </div>
          </div>
          <div
            class="p-6 pt-0"
          >
            <p
              class="text-sm text-zinc-400"
            >
              No database, no sign-up, no accounts. Just pure client-side invoicing.
            </p>
          </div>
        </div>
        <div
          class="rounded-xl border text-zinc-100 shadow-sm backdrop-blur-xl bg-zinc-950/30 border-zinc-800"
        >
          <div
            class="flex flex-col space-y-1.5 p-6"
          >
            <svg
              aria-hidden="true"
              class="mb-2 h-8 w-8 text-violet-400"
              fill="none"
              stroke="currentColor"
              stroke-width="2"
              viewBox="0 0 24 24"
            >
              <polygon
                points="13 2 3 14 12 14 11 22 21 10 12 10 13 2"
              />
            </svg>
            <div
              class="font-semibold tracking-tight text-lg"
            >
              Instant Setup
            </div>
          </div>
          <div
            class="p-6 pt-0"
          >
            <p
              class="text-sm text-zinc-400"
            >
              Create your first invoice in seconds. No onboarding, no waiting.
            </p>
          </div>
        </div>
        <div
          class="rounded-xl border text-zinc-100 shadow-sm backdrop-blur-xl bg-zinc-950/30 border-zinc-800"
        >
          <div
            class="flex flex-col space-y-1.5 p-6"
          >
            <svg
              aria-hidden="true"
              class="mb-2 h-8 w-8 text-violet-400"
              fill="none"
              stroke="currentColor"
              stroke-width="2"
              viewBox="0 0 24 24"
            >
              <path
                d="M10 13a5 5 0 0 0 7.54.54l3-3a5 5 0 0 0-7.07-7.07l-1.72 1.71"
              />
              <path
                d="M14 11a5 5 0 0 0-7.54-.54l-3 3a5 5 0 0 0 7.07 7.07l1.71-1.71"
              />
            </svg>
            <div
              class="font-semibold tracking-tight text-lg"
            >
              Shareable Links
            </div>
          </div>
          <div
            class="p-6 pt-0"
          >
            <p
              class="text-sm text-zinc-400"
            >
              Invoice data encoded in the URL. Share anywhere, anytime.
            </p>
          </div>
        </div>
        <div
          class="rounded-xl border text-zinc-100 shadow-sm backdrop-blur-xl bg-zinc-950/30 border-zinc-800"
        >
          <div
            class="flex flex-col space-y-1.5 p-6"
          >
            <svg
              aria-hidden="true"
              class="mb-2 h-8 w-8 text-violet-400"
              fill="none"
              stroke="currentColor"
              stroke-width="2"
              viewBox="0 0 24 24"
            >
              <circle
                cx="12"
                cy="12"
                r="10"
              />
              <line
                x1="2"
                x2="22"
                y1="12"
                y2="12"
              />
              <path
                d="M12 2a15.3 15.3 0 0 1 4 10 15.3 15.3 0 0 1-4 10 15.3 15.3 0 0 1-4-10 15.3 15.3 0 0 1 4-10z"
              />
            </svg>
            <div
              class="font-semibold tracking-tight text-lg"
            >
              Multi-Chain
            </div>
          </div>
          <div
            class="p-6 pt-0"
          >
            <p
              class="text-sm text-zinc-400"
            >
              Support for Ethereum, Arbitrum, and Optimism. More networks coming.
            </p>
          </div>
        </div>
        <div
          class="rounded-xl border text-zinc-100 shadow-sm backdrop-blur-xl bg-zinc-950/30 border-zinc-800"
        >
          <div
            class="flex flex-col space-y-1.5 p-6"
          >
            <svg
              aria-hidden="true"
              class="mb-2 h-8 w-8 text-violet-400"
              fill="none"
              stroke="currentColor"
              stroke-width="2"
              viewBox="0 0 24 24"
            >
              <path
                d="M12 22s8-4 8-10V5l-8-3-8 3v7c0 6 8 10 8 10z"
              />
            </svg>
            <div
              class="font-semibold tracking-tight text-lg"
            >
              Self-Custody
            </div>
          </div>
          <div
            class="p-6 pt-0"
          >
            <p
              class="text-sm text-zinc-400"
            >
              Connect your own wallet. You control your funds at all times.
            </p>
          </div>
        </div>
      </div>
    </div>
  </section>
</div>
`;
